C:/Users/petr david/STM32CubeIDE/WBA_ZB_1_6_1/Zigbee_OnOff_Router_Demo/System/Interfaces/stm32_lpm_if.c:554:6:PWR_ExitSleepMode	0	static
C:/Users/petr david/STM32CubeIDE/WBA_ZB_1_6_1/Zigbee_OnOff_Router_Demo/System/Interfaces/stm32_lpm_if.c:532:6:PWR_EnterSleepMode	8	static,ignoring_inline_asm
C:/Users/petr david/STM32CubeIDE/WBA_ZB_1_6_1/Zigbee_OnOff_Router_Demo/System/Interfaces/stm32_lpm_if.c:296:16:PWR_EnterOffMode	24	static,ignoring_inline_asm
C:/Users/petr david/STM32CubeIDE/WBA_ZB_1_6_1/Zigbee_OnOff_Router_Demo/System/Interfaces/stm32_lpm_if.c:386:16:PWR_ExitOffMode	24	static
C:/Users/petr david/STM32CubeIDE/WBA_ZB_1_6_1/Zigbee_OnOff_Router_Demo/System/Interfaces/stm32_lpm_if.c:476:16:PWR_EnterStopMode	8	static,ignoring_inline_asm
C:/Users/petr david/STM32CubeIDE/WBA_ZB_1_6_1/Zigbee_OnOff_Router_Demo/System/Interfaces/stm32_lpm_if.c:509:16:PWR_ExitStopMode	8	static
C:/Users/petr david/STM32CubeIDE/WBA_ZB_1_6_1/Zigbee_OnOff_Router_Demo/System/Interfaces/stm32_lpm_if.c:135:23:Standby_Restore_GPIO	24	static,ignoring_inline_asm
C:/Users/petr david/STM32CubeIDE/WBA_ZB_1_6_1/Zigbee_OnOff_Router_Demo/System/Interfaces/stm32_lpm_if.c:570:6:PWR_EnableSleepMode	0	static,ignoring_inline_asm
C:/Users/petr david/STM32CubeIDE/WBA_ZB_1_6_1/Zigbee_OnOff_Router_Demo/System/Interfaces/stm32_lpm_if.c:580:6:PWR_DisableSleepMode	0	static,ignoring_inline_asm
C:/Users/petr david/STM32CubeIDE/WBA_ZB_1_6_1/Zigbee_OnOff_Router_Demo/System/Interfaces/stm32_lpm_if.c:587:10:is_boot_from_standby	8	static,ignoring_inline_asm
