C:/Users/petr david/STM32CubeIDE/WBA_ZB_1_6_1/Zigbee_OnOff_Router_Demo/STM32_WPAN/Target/linklayer_plat.c:69:6:LINKLAYER_PLAT_ClockInit	16	static
C:/Users/petr david/STM32CubeIDE/WBA_ZB_1_6_1/Zigbee_OnOff_Router_Demo/STM32_WPAN/Target/linklayer_plat.c:90:6:LINKLAYER_PLAT_DelayUs	8	static,ignoring_inline_asm
C:/Users/petr david/STM32CubeIDE/WBA_ZB_1_6_1/Zigbee_OnOff_Router_Demo/STM32_WPAN/Target/linklayer_plat.c:105:6:LINKLAYER_PLAT_Assert	0	static
C:/Users/petr david/STM32CubeIDE/WBA_ZB_1_6_1/Zigbee_OnOff_Router_Demo/STM32_WPAN/Target/linklayer_plat.c:115:6:LINKLAYER_PLAT_WaitHclkRdy	8	static
C:/Users/petr david/STM32CubeIDE/WBA_ZB_1_6_1/Zigbee_OnOff_Router_Demo/STM32_WPAN/Target/linklayer_plat.c:131:6:LINKLAYER_PLAT_NotifyWFIEnter	0	static
C:/Users/petr david/STM32CubeIDE/WBA_ZB_1_6_1/Zigbee_OnOff_Router_Demo/STM32_WPAN/Target/linklayer_plat.c:153:6:LINKLAYER_PLAT_NotifyWFIExit	8	static
C:/Users/petr david/STM32CubeIDE/WBA_ZB_1_6_1/Zigbee_OnOff_Router_Demo/STM32_WPAN/Target/linklayer_plat.c:168:6:LINKLAYER_PLAT_AclkCtrl	8	static
C:/Users/petr david/STM32CubeIDE/WBA_ZB_1_6_1/Zigbee_OnOff_Router_Demo/STM32_WPAN/Target/linklayer_plat.c:199:6:LINKLAYER_PLAT_GetRNG	32	static
C:/Users/petr david/STM32CubeIDE/WBA_ZB_1_6_1/Zigbee_OnOff_Router_Demo/STM32_WPAN/Target/linklayer_plat.c:226:6:LINKLAYER_PLAT_SetupRadioIT	8	static
C:/Users/petr david/STM32CubeIDE/WBA_ZB_1_6_1/Zigbee_OnOff_Router_Demo/STM32_WPAN/Target/linklayer_plat.c:238:6:LINKLAYER_PLAT_SetupSwLowIT	8	static
C:/Users/petr david/STM32CubeIDE/WBA_ZB_1_6_1/Zigbee_OnOff_Router_Demo/STM32_WPAN/Target/linklayer_plat.c:251:6:LINKLAYER_PLAT_TriggerSwLowIT	8	static
C:/Users/petr david/STM32CubeIDE/WBA_ZB_1_6_1/Zigbee_OnOff_Router_Demo/STM32_WPAN/Target/linklayer_plat.c:292:6:LINKLAYER_PLAT_EnableIRQ	0	static,ignoring_inline_asm
C:/Users/petr david/STM32CubeIDE/WBA_ZB_1_6_1/Zigbee_OnOff_Router_Demo/STM32_WPAN/Target/linklayer_plat.c:308:6:LINKLAYER_PLAT_DisableIRQ	0	static,ignoring_inline_asm
C:/Users/petr david/STM32CubeIDE/WBA_ZB_1_6_1/Zigbee_OnOff_Router_Demo/STM32_WPAN/Target/linklayer_plat.c:329:6:LINKLAYER_PLAT_EnableSpecificIRQ	8	static,ignoring_inline_asm
C:/Users/petr david/STM32CubeIDE/WBA_ZB_1_6_1/Zigbee_OnOff_Router_Demo/STM32_WPAN/Target/linklayer_plat.c:376:6:LINKLAYER_PLAT_DisableSpecificIRQ	8	static,ignoring_inline_asm
C:/Users/petr david/STM32CubeIDE/WBA_ZB_1_6_1/Zigbee_OnOff_Router_Demo/STM32_WPAN/Target/linklayer_plat.c:420:6:LINKLAYER_PLAT_EnableRadioIT	0	static
C:/Users/petr david/STM32CubeIDE/WBA_ZB_1_6_1/Zigbee_OnOff_Router_Demo/STM32_WPAN/Target/linklayer_plat.c:438:6:LINKLAYER_PLAT_DisableRadioIT	0	static
C:/Users/petr david/STM32CubeIDE/WBA_ZB_1_6_1/Zigbee_OnOff_Router_Demo/STM32_WPAN/Target/linklayer_plat.c:456:6:LINKLAYER_PLAT_StartRadioEvt	0	static
C:/Users/petr david/STM32CubeIDE/WBA_ZB_1_6_1/Zigbee_OnOff_Router_Demo/STM32_WPAN/Target/linklayer_plat.c:470:6:LINKLAYER_PLAT_StopRadioEvt	0	static
C:/Users/petr david/STM32CubeIDE/WBA_ZB_1_6_1/Zigbee_OnOff_Router_Demo/STM32_WPAN/Target/linklayer_plat.c:484:6:LINKLAYER_PLAT_RCOStartClbr	8	static
C:/Users/petr david/STM32CubeIDE/WBA_ZB_1_6_1/Zigbee_OnOff_Router_Demo/STM32_WPAN/Target/linklayer_plat.c:502:6:LINKLAYER_PLAT_RCOStopClbr	8	static
C:/Users/petr david/STM32CubeIDE/WBA_ZB_1_6_1/Zigbee_OnOff_Router_Demo/STM32_WPAN/Target/linklayer_plat.c:519:6:LINKLAYER_PLAT_RequestTemperature	0	static
C:/Users/petr david/STM32CubeIDE/WBA_ZB_1_6_1/Zigbee_OnOff_Router_Demo/STM32_WPAN/Target/linklayer_plat.c:528:6:LINKLAYER_PLAT_EnableOSContextSwitch	0	static
C:/Users/petr david/STM32CubeIDE/WBA_ZB_1_6_1/Zigbee_OnOff_Router_Demo/STM32_WPAN/Target/linklayer_plat.c:543:6:LINKLAYER_PLAT_DisableOSContextSwitch	0	static
C:/Users/petr david/STM32CubeIDE/WBA_ZB_1_6_1/Zigbee_OnOff_Router_Demo/STM32_WPAN/Target/linklayer_plat.c:558:6:LINKLAYER_PLAT_SCHLDR_TIMING_UPDATE_NOT	0	static
C:/Users/petr david/STM32CubeIDE/WBA_ZB_1_6_1/Zigbee_OnOff_Router_Demo/STM32_WPAN/Target/linklayer_plat.c:570:10:LINKLAYER_PLAT_GetSTCompanyID	0	static
C:/Users/petr david/STM32CubeIDE/WBA_ZB_1_6_1/Zigbee_OnOff_Router_Demo/STM32_WPAN/Target/linklayer_plat.c:580:10:LINKLAYER_PLAT_GetUDN	0	static
