C:/Users/petr david/STM32CubeIDE/WBA_ZB_1_6_1/Zigbee_OnOff_Router_Demo/STM32_WPAN/Target/zigbee_sys_if.c:56:6:ZigbeeSys_Process	0	static
C:/Users/petr david/STM32CubeIDE/WBA_ZB_1_6_1/Zigbee_OnOff_Router_Demo/STM32_WPAN/Target/zigbee_sys_if.c:66:6:ZigbeeSys_Init	8	static
C:/Users/petr david/STM32CubeIDE/WBA_ZB_1_6_1/Zigbee_OnOff_Router_Demo/STM32_WPAN/Target/zigbee_sys_if.c:80:6:ZigbeeSys_Resume	0	static
C:/Users/petr david/STM32CubeIDE/WBA_ZB_1_6_1/Zigbee_OnOff_Router_Demo/STM32_WPAN/Target/zigbee_sys_if.c:90:6:ZigbeeSys_SemaphoreSet	0	static
C:/Users/petr david/STM32CubeIDE/WBA_ZB_1_6_1/Zigbee_OnOff_Router_Demo/STM32_WPAN/Target/zigbee_sys_if.c:100:6:ZigbeeSys_SemaphoreWait	0	static
C:/Users/petr david/STM32CubeIDE/WBA_ZB_1_6_1/Zigbee_OnOff_Router_Demo/STM32_WPAN/Target/zigbee_sys_if.c:110:6:ZigbeeSys_EventSet	0	static
C:/Users/petr david/STM32CubeIDE/WBA_ZB_1_6_1/Zigbee_OnOff_Router_Demo/STM32_WPAN/Target/zigbee_sys_if.c:120:6:ZigbeeSys_EventWait	0	static
