C:/Users/petr david/STM32CubeIDE/WBA_ZB_1_6_1/Zigbee_OnOff_Router_Demo/Projects/Common/WPAN/Modules/scm.c:368:13:SCM_HSE_TimerInit	48	static,ignoring_inline_asm
C:/Users/petr david/STM32CubeIDE/WBA_ZB_1_6_1/Zigbee_OnOff_Router_Demo/Projects/Common/WPAN/Modules/scm.c:26:13:SCM_HSI_CLK_ON	0	static
C:/Users/petr david/STM32CubeIDE/WBA_ZB_1_6_1/Zigbee_OnOff_Router_Demo/Projects/Common/WPAN/Modules/scm.c:32:13:SCM_HSI_CLK_OFF	0	static
C:/Users/petr david/STM32CubeIDE/WBA_ZB_1_6_1/Zigbee_OnOff_Router_Demo/Projects/Common/WPAN/Modules/scm.c:38:13:SCM_HSI_SwithSystemClock_Entry	0	static
C:/Users/petr david/STM32CubeIDE/WBA_ZB_1_6_1/Zigbee_OnOff_Router_Demo/Projects/Common/WPAN/Modules/scm.c:43:13:SCM_HSI_SwithSystemClock_Exit	0	static
C:/Users/petr david/STM32CubeIDE/WBA_ZB_1_6_1/Zigbee_OnOff_Router_Demo/Projects/Common/WPAN/Modules/scm.c:605:16:scm_pll_fractional_update	0	static
C:/Users/petr david/STM32CubeIDE/WBA_ZB_1_6_1/Zigbee_OnOff_Router_Demo/Projects/Common/WPAN/Modules/scm.c:582:16:scm_pll_setconfig	24	static
C:/Users/petr david/STM32CubeIDE/WBA_ZB_1_6_1/Zigbee_OnOff_Router_Demo/Projects/Common/WPAN/Modules/scm.c:725:13:scm_pllready	0	static
C:/Users/petr david/STM32CubeIDE/WBA_ZB_1_6_1/Zigbee_OnOff_Router_Demo/Projects/Common/WPAN/Modules/scm.c:740:16:scm_setwaitstates	8	static
C:/Users/petr david/STM32CubeIDE/WBA_ZB_1_6_1/Zigbee_OnOff_Router_Demo/Projects/Common/WPAN/Modules/scm.c:800:16:scm_hserdy_isr	16	static
C:/Users/petr david/STM32CubeIDE/WBA_ZB_1_6_1/Zigbee_OnOff_Router_Demo/Projects/Common/WPAN/Modules/scm.c:497:16:scm_setup	16	static
C:/Users/petr david/STM32CubeIDE/WBA_ZB_1_6_1/Zigbee_OnOff_Router_Demo/Projects/Common/WPAN/Modules/scm.c:397:16:scm_init	32	static,ignoring_inline_asm
C:/Users/petr david/STM32CubeIDE/WBA_ZB_1_6_1/Zigbee_OnOff_Router_Demo/Projects/Common/WPAN/Modules/scm.c:964:16:SCM_HSE_WaitUntilReady.part.0	0	static,ignoring_inline_asm
C:/Users/petr david/STM32CubeIDE/WBA_ZB_1_6_1/Zigbee_OnOff_Router_Demo/Projects/Common/WPAN/Modules/scm.c:243:23:SwitchHse16toHse32	8	static
C:/Users/petr david/STM32CubeIDE/WBA_ZB_1_6_1/Zigbee_OnOff_Router_Demo/Projects/Common/WPAN/Modules/scm.c:631:16:scm_setsystemclock	24	static,ignoring_inline_asm
C:/Users/petr david/STM32CubeIDE/WBA_ZB_1_6_1/Zigbee_OnOff_Router_Demo/Projects/Common/WPAN/Modules/scm.c:866:16:scm_pllrdy_isr	8	static
C:/Users/petr david/STM32CubeIDE/WBA_ZB_1_6_1/Zigbee_OnOff_Router_Demo/Projects/Common/WPAN/Modules/scm.c:904:16:scm_notifyradiostate	0	static
C:/Users/petr david/STM32CubeIDE/WBA_ZB_1_6_1/Zigbee_OnOff_Router_Demo/Projects/Common/WPAN/Modules/scm.c:923:16:scm_standbyexit	16	static
C:/Users/petr david/STM32CubeIDE/WBA_ZB_1_6_1/Zigbee_OnOff_Router_Demo/Projects/Common/WPAN/Modules/scm.c:940:19:isRadioActive	0	static
C:/Users/petr david/STM32CubeIDE/WBA_ZB_1_6_1/Zigbee_OnOff_Router_Demo/Projects/Common/WPAN/Modules/scm.c:945:19:SCM_HSE_Get_SW_HSERDY	0	static
C:/Users/petr david/STM32CubeIDE/WBA_ZB_1_6_1/Zigbee_OnOff_Router_Demo/Projects/Common/WPAN/Modules/scm.c:950:16:SCM_HSE_Set_SW_HSERDY	0	static,ignoring_inline_asm
C:/Users/petr david/STM32CubeIDE/WBA_ZB_1_6_1/Zigbee_OnOff_Router_Demo/Projects/Common/WPAN/Modules/scm.c:957:16:SCM_HSE_Clear_SW_HSERDY	0	static,ignoring_inline_asm
C:/Users/petr david/STM32CubeIDE/WBA_ZB_1_6_1/Zigbee_OnOff_Router_Demo/Projects/Common/WPAN/Modules/scm.c:964:16:SCM_HSE_WaitUntilReady	0	static
C:/Users/petr david/STM32CubeIDE/WBA_ZB_1_6_1/Zigbee_OnOff_Router_Demo/Projects/Common/WPAN/Modules/scm.c:1013:16:SCM_HSE_StartStabilizationTimer	0	static
C:/Users/petr david/STM32CubeIDE/WBA_ZB_1_6_1/Zigbee_OnOff_Router_Demo/Projects/Common/WPAN/Modules/scm.c:1030:16:SCM_HSE_StopStabilizationTimer	0	static,ignoring_inline_asm
C:/Users/petr david/STM32CubeIDE/WBA_ZB_1_6_1/Zigbee_OnOff_Router_Demo/Projects/Common/WPAN/Modules/scm.c:1044:16:SCM_HSE_SW_HSERDY_isr	0	static,ignoring_inline_asm
