C:/Users/petr david/STM32CubeIDE/WBA_ZB_1_6_1/Zigbee_OnOff_Router_Demo/Projects/Common/WPAN/Interfaces/hw_aes.c:47:5:HW_AES_Enable	8	static,ignoring_inline_asm
C:/Users/petr david/STM32CubeIDE/WBA_ZB_1_6_1/Zigbee_OnOff_Router_Demo/Projects/Common/WPAN/Interfaces/hw_aes.c:71:6:HW_AES_SetKey	32	static
C:/Users/petr david/STM32CubeIDE/WBA_ZB_1_6_1/Zigbee_OnOff_Router_Demo/Projects/Common/WPAN/Interfaces/hw_aes.c:136:6:HW_AES_Crypt	0	static
C:/Users/petr david/STM32CubeIDE/WBA_ZB_1_6_1/Zigbee_OnOff_Router_Demo/Projects/Common/WPAN/Interfaces/hw_aes.c:160:6:HW_AES_Disable	0	static,ignoring_inline_asm
C:/Users/petr david/STM32CubeIDE/WBA_ZB_1_6_1/Zigbee_OnOff_Router_Demo/Projects/Common/WPAN/Interfaces/hw_aes.c:182:6:HW_AES_Crypt8	24	static
C:/Users/petr david/STM32CubeIDE/WBA_ZB_1_6_1/Zigbee_OnOff_Router_Demo/Projects/Common/WPAN/Interfaces/hw_aes.c:214:6:HW_AES_InitCcm	40	static
C:/Users/petr david/STM32CubeIDE/WBA_ZB_1_6_1/Zigbee_OnOff_Router_Demo/Projects/Common/WPAN/Interfaces/hw_aes.c:271:6:HW_AES_EndCcm	24	static
C:/Users/petr david/STM32CubeIDE/WBA_ZB_1_6_1/Zigbee_OnOff_Router_Demo/Projects/Common/WPAN/Interfaces/hw_aes.c:296:6:HW_AES_SetLast	0	static
