C:/Users/petr david/STM32CubeIDE/WBA_ZB_1_6_1/Zigbee_OnOff_Router_Demo/Projects/Common/WPAN/Interfaces/timer_if.c:216:10:TIMER_IF_SetTimerContext	0	static
C:/Users/petr david/STM32CubeIDE/WBA_ZB_1_6_1/Zigbee_OnOff_Router_Demo/Projects/Common/WPAN/Interfaces/timer_if.c:227:10:TIMER_IF_GetTimerContext	0	static
C:/Users/petr david/STM32CubeIDE/WBA_ZB_1_6_1/Zigbee_OnOff_Router_Demo/Projects/Common/WPAN/Interfaces/timer_if.c:235:10:TIMER_IF_GetTimerElapsedTime	0	static
C:/Users/petr david/STM32CubeIDE/WBA_ZB_1_6_1/Zigbee_OnOff_Router_Demo/Projects/Common/WPAN/Interfaces/timer_if.c:240:10:TIMER_IF_GetTimerValue	0	static
C:/Users/petr david/STM32CubeIDE/WBA_ZB_1_6_1/Zigbee_OnOff_Router_Demo/Projects/Common/WPAN/Interfaces/timer_if.c:252:10:TIMER_IF_GetMinimumTimeout	0	static
C:/Users/petr david/STM32CubeIDE/WBA_ZB_1_6_1/Zigbee_OnOff_Router_Demo/Projects/Common/WPAN/Interfaces/timer_if.c:257:10:TIMER_IF_Convert_ms2Tick	8	static
C:/Users/petr david/STM32CubeIDE/WBA_ZB_1_6_1/Zigbee_OnOff_Router_Demo/Projects/Common/WPAN/Interfaces/timer_if.c:262:10:TIMER_IF_Convert_Tick2ms	0	static
C:/Users/petr david/STM32CubeIDE/WBA_ZB_1_6_1/Zigbee_OnOff_Router_Demo/Projects/Common/WPAN/Interfaces/timer_if.c:203:21:TIMER_IF_StopTimer	8	static
C:/Users/petr david/STM32CubeIDE/WBA_ZB_1_6_1/Zigbee_OnOff_Router_Demo/Projects/Common/WPAN/Interfaces/timer_if.c:311:6:TIMER_IF_BkUp_Write_Seconds	0	static
C:/Users/petr david/STM32CubeIDE/WBA_ZB_1_6_1/Zigbee_OnOff_Router_Demo/Projects/Common/WPAN/Interfaces/timer_if.c:316:6:TIMER_IF_BkUp_Write_SubSeconds	0	static
C:/Users/petr david/STM32CubeIDE/WBA_ZB_1_6_1/Zigbee_OnOff_Router_Demo/Projects/Common/WPAN/Interfaces/timer_if.c:175:21:TIMER_IF_StartTimer	64	static
C:/Users/petr david/STM32CubeIDE/WBA_ZB_1_6_1/Zigbee_OnOff_Router_Demo/Projects/Common/WPAN/Interfaces/timer_if.c:294:10:TIMER_IF_GetTime	16	static
C:/Users/petr david/STM32CubeIDE/WBA_ZB_1_6_1/Zigbee_OnOff_Router_Demo/Projects/Common/WPAN/Interfaces/timer_if.c:321:10:TIMER_IF_BkUp_Read_Seconds	0	static
C:/Users/petr david/STM32CubeIDE/WBA_ZB_1_6_1/Zigbee_OnOff_Router_Demo/Projects/Common/WPAN/Interfaces/timer_if.c:326:10:TIMER_IF_BkUp_Read_SubSeconds	0	static
C:/Users/petr david/STM32CubeIDE/WBA_ZB_1_6_1/Zigbee_OnOff_Router_Demo/Projects/Common/WPAN/Interfaces/timer_if.c:149:21:TIMER_IF_Init	24	static
C:/Users/petr david/STM32CubeIDE/WBA_ZB_1_6_1/Zigbee_OnOff_Router_Demo/Projects/Common/WPAN/Interfaces/timer_if.c:267:6:TIMER_IF_DelayMs	8	static,ignoring_inline_asm
C:/Users/petr david/STM32CubeIDE/WBA_ZB_1_6_1/Zigbee_OnOff_Router_Demo/Projects/Common/WPAN/Interfaces/timer_if.c:279:6:HAL_RTC_AlarmAEventCallback	0	static
C:/Users/petr david/STM32CubeIDE/WBA_ZB_1_6_1/Zigbee_OnOff_Router_Demo/Projects/Common/WPAN/Interfaces/timer_if.c:284:6:HAL_RTCEx_SSRUEventCallback	8	static
