C:/Users/petr david/STM32CubeIDE/WBA_ZB_1_6_1/Zigbee_OnOff_Router_Demo/Drivers/STM32WBAxx_HAL_Driver/Src/stm32wbaxx_hal_rcc_ex.c:113:19:HAL_RCCEx_PeriphCLKConfig	40	static
C:/Users/petr david/STM32CubeIDE/WBA_ZB_1_6_1/Zigbee_OnOff_Router_Demo/Drivers/STM32WBAxx_HAL_Driver/Src/stm32wbaxx_hal_rcc_ex.c:512:6:HAL_RCCEx_GetPeriphCLKConfig	8	static
C:/Users/petr david/STM32CubeIDE/WBA_ZB_1_6_1/Zigbee_OnOff_Router_Demo/Drivers/STM32WBAxx_HAL_Driver/Src/stm32wbaxx_hal_rcc_ex.c:664:10:HAL_RCCEx_GetPeriphCLKFreq	8	static
C:/Users/petr david/STM32CubeIDE/WBA_ZB_1_6_1/Zigbee_OnOff_Router_Demo/Drivers/STM32WBAxx_HAL_Driver/Src/stm32wbaxx_hal_rcc_ex.c:1434:6:HAL_RCCEx_EnableLSECSS	0	static
C:/Users/petr david/STM32CubeIDE/WBA_ZB_1_6_1/Zigbee_OnOff_Router_Demo/Drivers/STM32WBAxx_HAL_Driver/Src/stm32wbaxx_hal_rcc_ex.c:1444:6:HAL_RCCEx_DisableLSECSS	0	static
C:/Users/petr david/STM32CubeIDE/WBA_ZB_1_6_1/Zigbee_OnOff_Router_Demo/Drivers/STM32WBAxx_HAL_Driver/Src/stm32wbaxx_hal_rcc_ex.c:1457:6:HAL_RCCEx_EnableLSCO	8	static
C:/Users/petr david/STM32CubeIDE/WBA_ZB_1_6_1/Zigbee_OnOff_Router_Demo/Drivers/STM32WBAxx_HAL_Driver/Src/stm32wbaxx_hal_rcc_ex.c:1470:6:HAL_RCCEx_DisableLSCO	0	static
C:/Users/petr david/STM32CubeIDE/WBA_ZB_1_6_1/Zigbee_OnOff_Router_Demo/Drivers/STM32WBAxx_HAL_Driver/Src/stm32wbaxx_hal_rcc_ex.c:1482:6:HAL_RCCEx_HSESetTrimming	8	static
C:/Users/petr david/STM32CubeIDE/WBA_ZB_1_6_1/Zigbee_OnOff_Router_Demo/Drivers/STM32WBAxx_HAL_Driver/Src/stm32wbaxx_hal_rcc_ex.c:1494:10:HAL_RCCEx_HSEGetTrimming	0	static
C:/Users/petr david/STM32CubeIDE/WBA_ZB_1_6_1/Zigbee_OnOff_Router_Demo/Drivers/STM32WBAxx_HAL_Driver/Src/stm32wbaxx_hal_rcc_ex.c:1509:6:HAL_RCCEx_LSESetTrimming	8	static
C:/Users/petr david/STM32CubeIDE/WBA_ZB_1_6_1/Zigbee_OnOff_Router_Demo/Drivers/STM32WBAxx_HAL_Driver/Src/stm32wbaxx_hal_rcc_ex.c:1521:10:HAL_RCCEx_LSEGetTrimming	0	static
C:/Users/petr david/STM32CubeIDE/WBA_ZB_1_6_1/Zigbee_OnOff_Router_Demo/Drivers/STM32WBAxx_HAL_Driver/Src/stm32wbaxx_hal_rcc_ex.c:1533:6:HAL_RCCEx_LSI2SetConfig	8	static
C:/Users/petr david/STM32CubeIDE/WBA_ZB_1_6_1/Zigbee_OnOff_Router_Demo/Drivers/STM32WBAxx_HAL_Driver/Src/stm32wbaxx_hal_rcc_ex.c:1549:6:HAL_RCCEx_LSI2GetConfig	8	static
C:/Users/petr david/STM32CubeIDE/WBA_ZB_1_6_1/Zigbee_OnOff_Router_Demo/Drivers/STM32WBAxx_HAL_Driver/Src/stm32wbaxx_hal_rcc_ex.c:1587:6:HAL_RCCEx_EnableRadioBBClock	0	static
C:/Users/petr david/STM32CubeIDE/WBA_ZB_1_6_1/Zigbee_OnOff_Router_Demo/Drivers/STM32WBAxx_HAL_Driver/Src/stm32wbaxx_hal_rcc_ex.c:1596:6:HAL_RCCEx_DisableRadioBBClock	0	static
C:/Users/petr david/STM32CubeIDE/WBA_ZB_1_6_1/Zigbee_OnOff_Router_Demo/Drivers/STM32WBAxx_HAL_Driver/Src/stm32wbaxx_hal_rcc_ex.c:1605:6:HAL_RCCEx_EnableRequestUponRadioWakeUpEvent	0	static
C:/Users/petr david/STM32CubeIDE/WBA_ZB_1_6_1/Zigbee_OnOff_Router_Demo/Drivers/STM32WBAxx_HAL_Driver/Src/stm32wbaxx_hal_rcc_ex.c:1614:6:HAL_RCCEx_DisableRequestUponRadioWakeUpEvent	0	static
C:/Users/petr david/STM32CubeIDE/WBA_ZB_1_6_1/Zigbee_OnOff_Router_Demo/Drivers/STM32WBAxx_HAL_Driver/Src/stm32wbaxx_hal_rcc_ex.c:1627:10:HAL_RCCEx_GetRadioBusClockReadiness	0	static
C:/Users/petr david/STM32CubeIDE/WBA_ZB_1_6_1/Zigbee_OnOff_Router_Demo/Drivers/STM32WBAxx_HAL_Driver/Src/stm32wbaxx_hal_rcc_ex.c:1654:6:HAL_RCCEx_EnableAudioSyncClock	0	static
C:/Users/petr david/STM32CubeIDE/WBA_ZB_1_6_1/Zigbee_OnOff_Router_Demo/Drivers/STM32WBAxx_HAL_Driver/Src/stm32wbaxx_hal_rcc_ex.c:1663:6:HAL_RCCEx_DisableAudioSyncClock	0	static
C:/Users/petr david/STM32CubeIDE/WBA_ZB_1_6_1/Zigbee_OnOff_Router_Demo/Drivers/STM32WBAxx_HAL_Driver/Src/stm32wbaxx_hal_rcc_ex.c:1674:19:HAL_RCCEx_SetConfigAudioSync	8	static
C:/Users/petr david/STM32CubeIDE/WBA_ZB_1_6_1/Zigbee_OnOff_Router_Demo/Drivers/STM32WBAxx_HAL_Driver/Src/stm32wbaxx_hal_rcc_ex.c:1703:6:HAL_RCCEx_GetConfigAudioSync	8	static
C:/Users/petr david/STM32CubeIDE/WBA_ZB_1_6_1/Zigbee_OnOff_Router_Demo/Drivers/STM32WBAxx_HAL_Driver/Src/stm32wbaxx_hal_rcc_ex.c:1730:10:HAL_RCCEx_GetAudioSyncCounterValue	0	static
C:/Users/petr david/STM32CubeIDE/WBA_ZB_1_6_1/Zigbee_OnOff_Router_Demo/Drivers/STM32WBAxx_HAL_Driver/Src/stm32wbaxx_hal_rcc_ex.c:1739:10:HAL_RCCEx_GetAudioSyncCaptureValue	0	static
