C:/Users/petr david/STM32CubeIDE/WBA_ZB_1_6_1/Zigbee_OnOff_Router_Demo/Drivers/STM32WBAxx_HAL_Driver/Src/stm32wbaxx_hal_pwr.c:198:6:HAL_PWR_DeInit	0	static
C:/Users/petr david/STM32CubeIDE/WBA_ZB_1_6_1/Zigbee_OnOff_Router_Demo/Drivers/STM32WBAxx_HAL_Driver/Src/stm32wbaxx_hal_pwr.c:210:6:HAL_PWR_EnableBkUpAccess	0	static
C:/Users/petr david/STM32CubeIDE/WBA_ZB_1_6_1/Zigbee_OnOff_Router_Demo/Drivers/STM32WBAxx_HAL_Driver/Src/stm32wbaxx_hal_pwr.c:221:6:HAL_PWR_DisableBkUpAccess	0	static
C:/Users/petr david/STM32CubeIDE/WBA_ZB_1_6_1/Zigbee_OnOff_Router_Demo/Drivers/STM32WBAxx_HAL_Driver/Src/stm32wbaxx_hal_pwr.c:395:19:HAL_PWR_ConfigPVD	8	static
C:/Users/petr david/STM32CubeIDE/WBA_ZB_1_6_1/Zigbee_OnOff_Router_Demo/Drivers/STM32WBAxx_HAL_Driver/Src/stm32wbaxx_hal_pwr.c:441:6:HAL_PWR_EnablePVD	0	static
C:/Users/petr david/STM32CubeIDE/WBA_ZB_1_6_1/Zigbee_OnOff_Router_Demo/Drivers/STM32WBAxx_HAL_Driver/Src/stm32wbaxx_hal_pwr.c:450:6:HAL_PWR_DisablePVD	0	static
C:/Users/petr david/STM32CubeIDE/WBA_ZB_1_6_1/Zigbee_OnOff_Router_Demo/Drivers/STM32WBAxx_HAL_Driver/Src/stm32wbaxx_hal_pwr.c:477:6:HAL_PWR_EnableWakeUpPin	8	static,ignoring_inline_asm
C:/Users/petr david/STM32CubeIDE/WBA_ZB_1_6_1/Zigbee_OnOff_Router_Demo/Drivers/STM32WBAxx_HAL_Driver/Src/stm32wbaxx_hal_pwr.c:510:6:HAL_PWR_DisableWakeUpPin	8	static
C:/Users/petr david/STM32CubeIDE/WBA_ZB_1_6_1/Zigbee_OnOff_Router_Demo/Drivers/STM32WBAxx_HAL_Driver/Src/stm32wbaxx_hal_pwr.c:534:10:HAL_PWR_GetClearWakeupSource	0	static
C:/Users/petr david/STM32CubeIDE/WBA_ZB_1_6_1/Zigbee_OnOff_Router_Demo/Drivers/STM32WBAxx_HAL_Driver/Src/stm32wbaxx_hal_pwr.c:571:6:HAL_PWR_EnterSLEEPMode	8	static,ignoring_inline_asm
C:/Users/petr david/STM32CubeIDE/WBA_ZB_1_6_1/Zigbee_OnOff_Router_Demo/Drivers/STM32WBAxx_HAL_Driver/Src/stm32wbaxx_hal_pwr.c:655:6:HAL_PWR_EnterSTOPMode	16	static,ignoring_inline_asm
C:/Users/petr david/STM32CubeIDE/WBA_ZB_1_6_1/Zigbee_OnOff_Router_Demo/Drivers/STM32WBAxx_HAL_Driver/Src/stm32wbaxx_hal_pwr.c:701:6:HAL_PWR_EnterSTANDBYMode	0	static,ignoring_inline_asm
C:/Users/petr david/STM32CubeIDE/WBA_ZB_1_6_1/Zigbee_OnOff_Router_Demo/Drivers/STM32WBAxx_HAL_Driver/Src/stm32wbaxx_hal_pwr.c:722:6:HAL_PWR_EnableSleepOnExit	0	static
C:/Users/petr david/STM32CubeIDE/WBA_ZB_1_6_1/Zigbee_OnOff_Router_Demo/Drivers/STM32WBAxx_HAL_Driver/Src/stm32wbaxx_hal_pwr.c:735:6:HAL_PWR_DisableSleepOnExit	0	static
C:/Users/petr david/STM32CubeIDE/WBA_ZB_1_6_1/Zigbee_OnOff_Router_Demo/Drivers/STM32WBAxx_HAL_Driver/Src/stm32wbaxx_hal_pwr.c:748:6:HAL_PWR_EnableSEVOnPend	0	static
C:/Users/petr david/STM32CubeIDE/WBA_ZB_1_6_1/Zigbee_OnOff_Router_Demo/Drivers/STM32WBAxx_HAL_Driver/Src/stm32wbaxx_hal_pwr.c:760:6:HAL_PWR_DisableSEVOnPend	0	static
C:/Users/petr david/STM32CubeIDE/WBA_ZB_1_6_1/Zigbee_OnOff_Router_Demo/Drivers/STM32WBAxx_HAL_Driver/Src/stm32wbaxx_hal_pwr.c:804:13:HAL_PWR_PVD_Rising_Callback	0	static
C:/Users/petr david/STM32CubeIDE/WBA_ZB_1_6_1/Zigbee_OnOff_Router_Demo/Drivers/STM32WBAxx_HAL_Driver/Src/stm32wbaxx_hal_pwr.c:815:13:HAL_PWR_PVD_Falling_Callback	0	static
C:/Users/petr david/STM32CubeIDE/WBA_ZB_1_6_1/Zigbee_OnOff_Router_Demo/Drivers/STM32WBAxx_HAL_Driver/Src/stm32wbaxx_hal_pwr.c:771:6:HAL_PWR_PVD_IRQHandler	8	static
C:/Users/petr david/STM32CubeIDE/WBA_ZB_1_6_1/Zigbee_OnOff_Router_Demo/Drivers/STM32WBAxx_HAL_Driver/Src/stm32wbaxx_hal_pwr.c:888:13:HAL_PWR_WKUP1_Callback	0	static
C:/Users/petr david/STM32CubeIDE/WBA_ZB_1_6_1/Zigbee_OnOff_Router_Demo/Drivers/STM32WBAxx_HAL_Driver/Src/stm32wbaxx_hal_pwr.c:900:13:HAL_PWR_WKUP2_Callback	0	static
C:/Users/petr david/STM32CubeIDE/WBA_ZB_1_6_1/Zigbee_OnOff_Router_Demo/Drivers/STM32WBAxx_HAL_Driver/Src/stm32wbaxx_hal_pwr.c:912:13:HAL_PWR_WKUP3_Callback	0	static
C:/Users/petr david/STM32CubeIDE/WBA_ZB_1_6_1/Zigbee_OnOff_Router_Demo/Drivers/STM32WBAxx_HAL_Driver/Src/stm32wbaxx_hal_pwr.c:923:13:HAL_PWR_WKUP4_Callback	0	static
C:/Users/petr david/STM32CubeIDE/WBA_ZB_1_6_1/Zigbee_OnOff_Router_Demo/Drivers/STM32WBAxx_HAL_Driver/Src/stm32wbaxx_hal_pwr.c:935:13:HAL_PWR_WKUP5_Callback	0	static
C:/Users/petr david/STM32CubeIDE/WBA_ZB_1_6_1/Zigbee_OnOff_Router_Demo/Drivers/STM32WBAxx_HAL_Driver/Src/stm32wbaxx_hal_pwr.c:947:13:HAL_PWR_WKUP6_Callback	0	static
C:/Users/petr david/STM32CubeIDE/WBA_ZB_1_6_1/Zigbee_OnOff_Router_Demo/Drivers/STM32WBAxx_HAL_Driver/Src/stm32wbaxx_hal_pwr.c:958:13:HAL_PWR_WKUP7_Callback	0	static
C:/Users/petr david/STM32CubeIDE/WBA_ZB_1_6_1/Zigbee_OnOff_Router_Demo/Drivers/STM32WBAxx_HAL_Driver/Src/stm32wbaxx_hal_pwr.c:969:13:HAL_PWR_WKUP8_Callback	0	static
C:/Users/petr david/STM32CubeIDE/WBA_ZB_1_6_1/Zigbee_OnOff_Router_Demo/Drivers/STM32WBAxx_HAL_Driver/Src/stm32wbaxx_hal_pwr.c:830:6:HAL_PWR_WKUP_IRQHandler	8	static
C:/Users/petr david/STM32CubeIDE/WBA_ZB_1_6_1/Zigbee_OnOff_Router_Demo/Drivers/STM32WBAxx_HAL_Driver/Src/stm32wbaxx_hal_pwr.c:1072:6:HAL_PWR_ConfigAttributes	8	static
C:/Users/petr david/STM32CubeIDE/WBA_ZB_1_6_1/Zigbee_OnOff_Router_Demo/Drivers/STM32WBAxx_HAL_Driver/Src/stm32wbaxx_hal_pwr.c:1135:19:HAL_PWR_GetConfigAttributes	8	static
