C:/Users/petr david/STM32CubeIDE/WBA_ZB_1_6_1/Zigbee_OnOff_Router_Demo/Drivers/STM32WBAxx_HAL_Driver/Src/stm32wbaxx_hal_flash_ex.c:190:19:HAL_FLASHEx_Erase	48	static
C:/Users/petr david/STM32CubeIDE/WBA_ZB_1_6_1/Zigbee_OnOff_Router_Demo/Drivers/STM32WBAxx_HAL_Driver/Src/stm32wbaxx_hal_flash_ex.c:362:19:HAL_FLASHEx_OBProgram	32	static
C:/Users/petr david/STM32CubeIDE/WBA_ZB_1_6_1/Zigbee_OnOff_Router_Demo/Drivers/STM32WBAxx_HAL_Driver/Src/stm32wbaxx_hal_flash_ex.c:460:6:HAL_FLASHEx_OBGetConfig	0	static
C:/Users/petr david/STM32CubeIDE/WBA_ZB_1_6_1/Zigbee_OnOff_Router_Demo/Drivers/STM32WBAxx_HAL_Driver/Src/stm32wbaxx_hal_flash_ex.c:528:19:HAL_FLASHEx_ConfigBBAttributes	16	static,ignoring_inline_asm
C:/Users/petr david/STM32CubeIDE/WBA_ZB_1_6_1/Zigbee_OnOff_Router_Demo/Drivers/STM32WBAxx_HAL_Driver/Src/stm32wbaxx_hal_flash_ex.c:610:6:HAL_FLASHEx_GetConfigBBAttributes	8	static
C:/Users/petr david/STM32CubeIDE/WBA_ZB_1_6_1/Zigbee_OnOff_Router_Demo/Drivers/STM32WBAxx_HAL_Driver/Src/stm32wbaxx_hal_flash_ex.c:846:6:HAL_FLASHEx_SuspendOperation	8	static
C:/Users/petr david/STM32CubeIDE/WBA_ZB_1_6_1/Zigbee_OnOff_Router_Demo/Drivers/STM32WBAxx_HAL_Driver/Src/stm32wbaxx_hal_flash_ex.c:864:6:HAL_FLASHEx_AllowOperation	8	static
C:/Users/petr david/STM32CubeIDE/WBA_ZB_1_6_1/Zigbee_OnOff_Router_Demo/Drivers/STM32WBAxx_HAL_Driver/Src/stm32wbaxx_hal_flash_ex.c:884:10:HAL_FLASHEx_IsOperationSuspended	0	static
C:/Users/petr david/STM32CubeIDE/WBA_ZB_1_6_1/Zigbee_OnOff_Router_Demo/Drivers/STM32WBAxx_HAL_Driver/Src/stm32wbaxx_hal_flash_ex.c:906:6:HAL_FLASHEx_ConfigPrivMode	8	static
C:/Users/petr david/STM32CubeIDE/WBA_ZB_1_6_1/Zigbee_OnOff_Router_Demo/Drivers/STM32WBAxx_HAL_Driver/Src/stm32wbaxx_hal_flash_ex.c:924:10:HAL_FLASHEx_GetPrivMode	0	static
C:/Users/petr david/STM32CubeIDE/WBA_ZB_1_6_1/Zigbee_OnOff_Router_Demo/Drivers/STM32WBAxx_HAL_Driver/Src/stm32wbaxx_hal_flash_ex.c:991:19:HAL_FLASHEx_EnablePowerDown	16	static
C:/Users/petr david/STM32CubeIDE/WBA_ZB_1_6_1/Zigbee_OnOff_Router_Demo/Drivers/STM32WBAxx_HAL_Driver/Src/stm32wbaxx_hal_flash_ex.c:1115:19:HAL_FLASHEx_ConfigLowPowerRead	8	static
C:/Users/petr david/STM32CubeIDE/WBA_ZB_1_6_1/Zigbee_OnOff_Router_Demo/Drivers/STM32WBAxx_HAL_Driver/Src/stm32wbaxx_hal_flash_ex.c:1142:10:HAL_FLASHEx_GetLowPowerRead	0	static
C:/Users/petr david/STM32CubeIDE/WBA_ZB_1_6_1/Zigbee_OnOff_Router_Demo/Drivers/STM32WBAxx_HAL_Driver/Src/stm32wbaxx_hal_flash_ex.c:1155:6:HAL_FLASHEx_GetOperation	0	static
C:/Users/petr david/STM32CubeIDE/WBA_ZB_1_6_1/Zigbee_OnOff_Router_Demo/Drivers/STM32WBAxx_HAL_Driver/Src/stm32wbaxx_hal_flash_ex.c:1197:6:HAL_FLASHEx_EnableEccCorrectionInterrupt	0	static
C:/Users/petr david/STM32CubeIDE/WBA_ZB_1_6_1/Zigbee_OnOff_Router_Demo/Drivers/STM32WBAxx_HAL_Driver/Src/stm32wbaxx_hal_flash_ex.c:1206:6:HAL_FLASHEx_DisableEccCorrectionInterrupt	0	static
C:/Users/petr david/STM32CubeIDE/WBA_ZB_1_6_1/Zigbee_OnOff_Router_Demo/Drivers/STM32WBAxx_HAL_Driver/Src/stm32wbaxx_hal_flash_ex.c:1219:6:HAL_FLASHEx_GetEccInfo	8	static
C:/Users/petr david/STM32CubeIDE/WBA_ZB_1_6_1/Zigbee_OnOff_Router_Demo/Drivers/STM32WBAxx_HAL_Driver/Src/stm32wbaxx_hal_flash_ex.c:1283:13:HAL_FLASHEx_EccCorrectionCallback	0	static
C:/Users/petr david/STM32CubeIDE/WBA_ZB_1_6_1/Zigbee_OnOff_Router_Demo/Drivers/STM32WBAxx_HAL_Driver/Src/stm32wbaxx_hal_flash_ex.c:1294:13:HAL_FLASHEx_EccDetectionCallback	0	static
C:/Users/petr david/STM32CubeIDE/WBA_ZB_1_6_1/Zigbee_OnOff_Router_Demo/Drivers/STM32WBAxx_HAL_Driver/Src/stm32wbaxx_hal_flash_ex.c:1266:6:HAL_FLASHEx_ECCD_IRQHandler	8	static
C:/Users/petr david/STM32CubeIDE/WBA_ZB_1_6_1/Zigbee_OnOff_Router_Demo/Drivers/STM32WBAxx_HAL_Driver/Src/stm32wbaxx_hal_flash_ex.c:1370:6:FLASH_PageErase	16	static
C:/Users/petr david/STM32CubeIDE/WBA_ZB_1_6_1/Zigbee_OnOff_Router_Demo/Drivers/STM32WBAxx_HAL_Driver/Src/stm32wbaxx_hal_flash_ex.c:281:19:HAL_FLASHEx_Erase_IT	24	static
