C:/Users/petr david/STM32CubeIDE/WBA_ZB_1_6_1/Zigbee_OnOff_Router_Demo/Drivers/STM32WBAxx_HAL_Driver/Src/stm32wbaxx_hal_icache.c:169:19:HAL_ICACHE_ConfigAssociativityMode	8	static
C:/Users/petr david/STM32CubeIDE/WBA_ZB_1_6_1/Zigbee_OnOff_Router_Demo/Drivers/STM32WBAxx_HAL_Driver/Src/stm32wbaxx_hal_icache.c:193:19:HAL_ICACHE_DeInit	4	static
C:/Users/petr david/STM32CubeIDE/WBA_ZB_1_6_1/Zigbee_OnOff_Router_Demo/Drivers/STM32WBAxx_HAL_Driver/Src/stm32wbaxx_hal_icache.c:226:19:HAL_ICACHE_Enable	0	static
C:/Users/petr david/STM32CubeIDE/WBA_ZB_1_6_1/Zigbee_OnOff_Router_Demo/Drivers/STM32WBAxx_HAL_Driver/Src/stm32wbaxx_hal_icache.c:239:19:HAL_ICACHE_Disable	16	static
C:/Users/petr david/STM32CubeIDE/WBA_ZB_1_6_1/Zigbee_OnOff_Router_Demo/Drivers/STM32WBAxx_HAL_Driver/Src/stm32wbaxx_hal_icache.c:274:10:HAL_ICACHE_IsEnabled	0	static
C:/Users/petr david/STM32CubeIDE/WBA_ZB_1_6_1/Zigbee_OnOff_Router_Demo/Drivers/STM32WBAxx_HAL_Driver/Src/stm32wbaxx_hal_icache.c:285:19:HAL_ICACHE_Invalidate	16	static
C:/Users/petr david/STM32CubeIDE/WBA_ZB_1_6_1/Zigbee_OnOff_Router_Demo/Drivers/STM32WBAxx_HAL_Driver/Src/stm32wbaxx_hal_icache.c:309:19:HAL_ICACHE_Invalidate_IT	0	static
C:/Users/petr david/STM32CubeIDE/WBA_ZB_1_6_1/Zigbee_OnOff_Router_Demo/Drivers/STM32WBAxx_HAL_Driver/Src/stm32wbaxx_hal_icache.c:338:19:HAL_ICACHE_WaitForInvalidateComplete	16	static
C:/Users/petr david/STM32CubeIDE/WBA_ZB_1_6_1/Zigbee_OnOff_Router_Demo/Drivers/STM32WBAxx_HAL_Driver/Src/stm32wbaxx_hal_icache.c:380:19:HAL_ICACHE_Monitor_Start	8	static
C:/Users/petr david/STM32CubeIDE/WBA_ZB_1_6_1/Zigbee_OnOff_Router_Demo/Drivers/STM32WBAxx_HAL_Driver/Src/stm32wbaxx_hal_icache.c:400:19:HAL_ICACHE_Monitor_Stop	8	static
C:/Users/petr david/STM32CubeIDE/WBA_ZB_1_6_1/Zigbee_OnOff_Router_Demo/Drivers/STM32WBAxx_HAL_Driver/Src/stm32wbaxx_hal_icache.c:419:19:HAL_ICACHE_Monitor_Reset	8	static
C:/Users/petr david/STM32CubeIDE/WBA_ZB_1_6_1/Zigbee_OnOff_Router_Demo/Drivers/STM32WBAxx_HAL_Driver/Src/stm32wbaxx_hal_icache.c:436:10:HAL_ICACHE_Monitor_GetHitValue	0	static
C:/Users/petr david/STM32CubeIDE/WBA_ZB_1_6_1/Zigbee_OnOff_Router_Demo/Drivers/STM32WBAxx_HAL_Driver/Src/stm32wbaxx_hal_icache.c:446:10:HAL_ICACHE_Monitor_GetMissValue	0	static
C:/Users/petr david/STM32CubeIDE/WBA_ZB_1_6_1/Zigbee_OnOff_Router_Demo/Drivers/STM32WBAxx_HAL_Driver/Src/stm32wbaxx_hal_icache.c:512:13:HAL_ICACHE_InvalidateCompleteCallback	0	static
C:/Users/petr david/STM32CubeIDE/WBA_ZB_1_6_1/Zigbee_OnOff_Router_Demo/Drivers/STM32WBAxx_HAL_Driver/Src/stm32wbaxx_hal_icache.c:522:13:HAL_ICACHE_ErrorCallback	0	static
C:/Users/petr david/STM32CubeIDE/WBA_ZB_1_6_1/Zigbee_OnOff_Router_Demo/Drivers/STM32WBAxx_HAL_Driver/Src/stm32wbaxx_hal_icache.c:476:6:HAL_ICACHE_IRQHandler	8	static
C:/Users/petr david/STM32CubeIDE/WBA_ZB_1_6_1/Zigbee_OnOff_Router_Demo/Drivers/STM32WBAxx_HAL_Driver/Src/stm32wbaxx_hal_icache.c:555:20:HAL_ICACHE_EnableRemapRegion	24	static
C:/Users/petr david/STM32CubeIDE/WBA_ZB_1_6_1/Zigbee_OnOff_Router_Demo/Drivers/STM32WBAxx_HAL_Driver/Src/stm32wbaxx_hal_icache.c:610:20:HAL_ICACHE_DisableRemapRegion	8	static
