C:/Users/petr david/STM32CubeIDE/WBA_ZB_1_6_1/Zigbee_OnOff_Router_Demo/Drivers/STM32WBAxx_HAL_Driver/Src/stm32wbaxx_hal_exti.c:139:19:HAL_EXTI_SetConfigLine	24	static
C:/Users/petr david/STM32CubeIDE/WBA_ZB_1_6_1/Zigbee_OnOff_Router_Demo/Drivers/STM32WBAxx_HAL_Driver/Src/stm32wbaxx_hal_exti.c:261:19:HAL_EXTI_GetConfigLine	24	static
C:/Users/petr david/STM32CubeIDE/WBA_ZB_1_6_1/Zigbee_OnOff_Router_Demo/Drivers/STM32WBAxx_HAL_Driver/Src/stm32wbaxx_hal_exti.c:364:19:HAL_EXTI_ClearConfigLine	24	static
C:/Users/petr david/STM32CubeIDE/WBA_ZB_1_6_1/Zigbee_OnOff_Router_Demo/Drivers/STM32WBAxx_HAL_Driver/Src/stm32wbaxx_hal_exti.c:430:19:HAL_EXTI_RegisterCallback	0	static
C:/Users/petr david/STM32CubeIDE/WBA_ZB_1_6_1/Zigbee_OnOff_Router_Demo/Drivers/STM32WBAxx_HAL_Driver/Src/stm32wbaxx_hal_exti.c:465:19:HAL_EXTI_GetHandle	16	static
C:/Users/petr david/STM32CubeIDE/WBA_ZB_1_6_1/Zigbee_OnOff_Router_Demo/Drivers/STM32WBAxx_HAL_Driver/Src/stm32wbaxx_hal_exti.c:505:6:HAL_EXTI_IRQHandler	16	static
C:/Users/petr david/STM32CubeIDE/WBA_ZB_1_6_1/Zigbee_OnOff_Router_Demo/Drivers/STM32WBAxx_HAL_Driver/Src/stm32wbaxx_hal_exti.c:559:10:HAL_EXTI_GetPending	16	static
C:/Users/petr david/STM32CubeIDE/WBA_ZB_1_6_1/Zigbee_OnOff_Router_Demo/Drivers/STM32WBAxx_HAL_Driver/Src/stm32wbaxx_hal_exti.c:603:6:HAL_EXTI_ClearPending	16	static
C:/Users/petr david/STM32CubeIDE/WBA_ZB_1_6_1/Zigbee_OnOff_Router_Demo/Drivers/STM32WBAxx_HAL_Driver/Src/stm32wbaxx_hal_exti.c:639:6:HAL_EXTI_GenerateSWI	8	static
C:/Users/petr david/STM32CubeIDE/WBA_ZB_1_6_1/Zigbee_OnOff_Router_Demo/Drivers/STM32WBAxx_HAL_Driver/Src/stm32wbaxx_hal_exti.c:691:6:HAL_EXTI_ConfigLineAttributes	16	static
C:/Users/petr david/STM32CubeIDE/WBA_ZB_1_6_1/Zigbee_OnOff_Router_Demo/Drivers/STM32WBAxx_HAL_Driver/Src/stm32wbaxx_hal_exti.c:764:19:HAL_EXTI_GetConfigLineAttributes	16	static
