C:/Users/petr david/STM32CubeIDE/WBA_ZB_1_6_1/Zigbee_OnOff_Router_Demo/STM32_WPAN/App/app_bsp.c:371:13:APP_BSP_Button1Action	0	static
C:/Users/petr david/STM32CubeIDE/WBA_ZB_1_6_1/Zigbee_OnOff_Router_Demo/STM32_WPAN/App/app_bsp.c:389:13:APP_BSP_Button3Action	0	static
C:/Users/petr david/STM32CubeIDE/WBA_ZB_1_6_1/Zigbee_OnOff_Router_Demo/STM32_WPAN/App/app_bsp.c:380:13:APP_BSP_Button2Action	0	static
C:/Users/petr david/STM32CubeIDE/WBA_ZB_1_6_1/Zigbee_OnOff_Router_Demo/STM32_WPAN/App/app_bsp.c:1248:13:Button_TriggerActions	8	static
C:/Users/petr david/STM32CubeIDE/WBA_ZB_1_6_1/Zigbee_OnOff_Router_Demo/STM32_WPAN/App/app_bsp.c:280:6:APP_BSP_PostIdle	0	static
C:/Users/petr david/STM32CubeIDE/WBA_ZB_1_6_1/Zigbee_OnOff_Router_Demo/STM32_WPAN/App/app_bsp.c:304:6:APP_BSP_StandbyExit	8	static
C:/Users/petr david/STM32CubeIDE/WBA_ZB_1_6_1/Zigbee_OnOff_Router_Demo/STM32_WPAN/App/app_bsp.c:343:9:APP_BSP_ButtonIsLongPressed	0	static
C:/Users/petr david/STM32CubeIDE/WBA_ZB_1_6_1/Zigbee_OnOff_Router_Demo/STM32_WPAN/App/app_bsp.c:361:6:APP_BSP_SetButtonIsLongPressed	0	static
C:/Users/petr david/STM32CubeIDE/WBA_ZB_1_6_1/Zigbee_OnOff_Router_Demo/STM32_WPAN/App/app_bsp.c:454:6:APP_BSP_LedInit	8	static
C:/Users/petr david/STM32CubeIDE/WBA_ZB_1_6_1/Zigbee_OnOff_Router_Demo/STM32_WPAN/App/app_bsp.c:1142:6:APP_BSP_ButtonInit	24	static
C:/Users/petr david/STM32CubeIDE/WBA_ZB_1_6_1/Zigbee_OnOff_Router_Demo/STM32_WPAN/App/app_bsp.c:256:6:APP_BSP_Init	8	static
C:/Users/petr david/STM32CubeIDE/WBA_ZB_1_6_1/Zigbee_OnOff_Router_Demo/STM32_WPAN/App/app_bsp.c:1278:6:BSP_PB_Callback	4	static
C:/Users/petr david/STM32CubeIDE/WBA_ZB_1_6_1/Zigbee_OnOff_Router_Demo/STM32_WPAN/App/app_bsp.c:1293:9:APP_BSP_SerialCmdExecute	16	static
