C:/Users/petr david/STM32CubeIDE/WBA_ZB_1_6_1/Zigbee_OnOff_Router_Demo/Core/Src/app_entry.c:487:13:AMM_WrapperFree	0	static
C:/Users/petr david/STM32CubeIDE/WBA_ZB_1_6_1/Zigbee_OnOff_Router_Demo/Core/Src/app_entry.c:482:19:AMM_WrapperAllocate	0	static
C:/Users/petr david/STM32CubeIDE/WBA_ZB_1_6_1/Zigbee_OnOff_Router_Demo/Core/Src/app_entry.c:477:13:AMM_WrapperInit	0	static
C:/Users/petr david/STM32CubeIDE/WBA_ZB_1_6_1/Zigbee_OnOff_Router_Demo/Core/Src/app_entry.c:154:6:MX_APPE_Config	16	static
C:/Users/petr david/STM32CubeIDE/WBA_ZB_1_6_1/Zigbee_OnOff_Router_Demo/Core/Src/app_entry.c:163:6:MX_APPE_LinkLayerInit	0	static
C:/Users/petr david/STM32CubeIDE/WBA_ZB_1_6_1/Zigbee_OnOff_Router_Demo/Core/Src/app_entry.c:173:10:MX_APPE_Init	8	static
C:/Users/petr david/STM32CubeIDE/WBA_ZB_1_6_1/Zigbee_OnOff_Router_Demo/Core/Src/app_entry.c:212:6:MX_APPE_Process	0	static
C:/Users/petr david/STM32CubeIDE/WBA_ZB_1_6_1/Zigbee_OnOff_Router_Demo/Core/Src/app_entry.c:389:6:UTIL_SEQ_Idle	0	static
C:/Users/petr david/STM32CubeIDE/WBA_ZB_1_6_1/Zigbee_OnOff_Router_Demo/Core/Src/app_entry.c:404:6:UTIL_SEQ_PreIdle	0	static
C:/Users/petr david/STM32CubeIDE/WBA_ZB_1_6_1/Zigbee_OnOff_Router_Demo/Core/Src/app_entry.c:440:6:UTIL_SEQ_PostIdle	0	static
C:/Users/petr david/STM32CubeIDE/WBA_ZB_1_6_1/Zigbee_OnOff_Router_Demo/Core/Src/app_entry.c:458:6:HWCB_RNG_Process	0	static
C:/Users/petr david/STM32CubeIDE/WBA_ZB_1_6_1/Zigbee_OnOff_Router_Demo/Core/Src/app_entry.c:463:6:AMM_RegisterBasicMemoryManager	0	static
C:/Users/petr david/STM32CubeIDE/WBA_ZB_1_6_1/Zigbee_OnOff_Router_Demo/Core/Src/app_entry.c:471:6:AMM_ProcessRequest	0	static
C:/Users/petr david/STM32CubeIDE/WBA_ZB_1_6_1/Zigbee_OnOff_Router_Demo/Core/Src/app_entry.c:521:6:UTIL_ADV_TRACE_PreSendHook	0	static
C:/Users/petr david/STM32CubeIDE/WBA_ZB_1_6_1/Zigbee_OnOff_Router_Demo/Core/Src/app_entry.c:532:6:UTIL_ADV_TRACE_PostSendHook	0	static
C:/Users/petr david/STM32CubeIDE/WBA_ZB_1_6_1/Zigbee_OnOff_Router_Demo/Core/Src/app_entry.c:550:6:Serial_CMD_Interpreter_CmdExecute	0	static
C:/Users/petr david/STM32CubeIDE/WBA_ZB_1_6_1/Zigbee_OnOff_Router_Demo/Core/Src/app_entry.c:565:13:__aeabi_assert	8	static
