C:/Users/petr david/STM32CubeIDE/WBA_ZB_1_6_1/Zigbee_OnOff_Router_Demo/Core/Src/main.c:133:6:SystemClock_Config	5
C:/Users/petr david/STM32CubeIDE/WBA_ZB_1_6_1/Zigbee_OnOff_Router_Demo/Core/Src/main.c:201:6:PeriphCommonClock_Config	2
C:/Users/petr david/STM32CubeIDE/WBA_ZB_1_6_1/Zigbee_OnOff_Router_Demo/Core/Src/main.c:251:6:MX_ICACHE_Init	3
C:/Users/petr david/STM32CubeIDE/WBA_ZB_1_6_1/Zigbee_OnOff_Router_Demo/Core/Src/main.c:285:6:MX_RAMCFG_Init	2
C:/Users/petr david/STM32CubeIDE/WBA_ZB_1_6_1/Zigbee_OnOff_Router_Demo/Core/Src/main.c:314:6:MX_RNG_Init	2
C:/Users/petr david/STM32CubeIDE/WBA_ZB_1_6_1/Zigbee_OnOff_Router_Demo/Core/Src/main.c:343:6:MX_RTC_Init	5
C:/Users/petr david/STM32CubeIDE/WBA_ZB_1_6_1/Zigbee_OnOff_Router_Demo/Core/Src/main.c:413:6:MX_USART1_UART_Init	5
C:/Users/petr david/STM32CubeIDE/WBA_ZB_1_6_1/Zigbee_OnOff_Router_Demo/Core/Src/main.c:461:6:MX_GPIO_Init	1
C:/Users/petr david/STM32CubeIDE/WBA_ZB_1_6_1/Zigbee_OnOff_Router_Demo/Core/Src/main.c:75:5:main	2
C:/Users/petr david/STM32CubeIDE/WBA_ZB_1_6_1/Zigbee_OnOff_Router_Demo/Core/Src/main.c:485:6:Error_Handler	1
C:/Users/petr david/STM32CubeIDE/WBA_ZB_1_6_1/Zigbee_OnOff_Router_Demo/Core/Src/main.c:504:6:assert_failed	1
