C:/Users/petr david/STM32CubeIDE/WBA_ZB_1_6_1/Zigbee_OnOff_Router_Demo/Core/Src/stm32wbaxx_hal_msp.c:66:6:HAL_MspInit	16	static
C:/Users/petr david/STM32CubeIDE/WBA_ZB_1_6_1/Zigbee_OnOff_Router_Demo/Core/Src/stm32wbaxx_hal_msp.c:97:6:HAL_RAMCFG_MspInit	8	static
C:/Users/petr david/STM32CubeIDE/WBA_ZB_1_6_1/Zigbee_OnOff_Router_Demo/Core/Src/stm32wbaxx_hal_msp.c:116:6:HAL_RAMCFG_MspDeInit	0	static
C:/Users/petr david/STM32CubeIDE/WBA_ZB_1_6_1/Zigbee_OnOff_Router_Demo/Core/Src/stm32wbaxx_hal_msp.c:135:6:HAL_RNG_MspInit	104	static
C:/Users/petr david/STM32CubeIDE/WBA_ZB_1_6_1/Zigbee_OnOff_Router_Demo/Core/Src/stm32wbaxx_hal_msp.c:173:6:HAL_RNG_MspDeInit	0	static
C:/Users/petr david/STM32CubeIDE/WBA_ZB_1_6_1/Zigbee_OnOff_Router_Demo/Core/Src/stm32wbaxx_hal_msp.c:198:6:HAL_RTC_MspInit	104	static
C:/Users/petr david/STM32CubeIDE/WBA_ZB_1_6_1/Zigbee_OnOff_Router_Demo/Core/Src/stm32wbaxx_hal_msp.c:235:6:HAL_RTC_MspDeInit	0	static
C:/Users/petr david/STM32CubeIDE/WBA_ZB_1_6_1/Zigbee_OnOff_Router_Demo/Core/Src/stm32wbaxx_hal_msp.c:260:6:HAL_UART_MspInit	152	static
C:/Users/petr david/STM32CubeIDE/WBA_ZB_1_6_1/Zigbee_OnOff_Router_Demo/Core/Src/stm32wbaxx_hal_msp.c:374:6:HAL_UART_MspDeInit	8	static
